OK   write a LinkedIn post for Client X                   → marketing    (0.95) [want marketing]
OK   create a social media post for the launch            → marketing    (0.95) [want marketing]
MISS postpone the launch by a day                         → operations   (0.8) [want marketing]
MISS design a festive banner for Diwali                   → design       (0.95) [want marketing]
OK   draft the X thread for our ship note                 → marketing    (0.8) [want marketing]
OK   make an Instagram reel storyboard                    → marketing    (0.95) [want marketing]
MISS schedule the posting calendar for next week          → operations   (0.95) [want marketing]
MISS write SEO-friendly copy for the site                 → content      (0.95) [want marketing]
OK   prepare the campaign creative brief                  → marketing    (0.8) [want marketing]
MISS edit the hero section visuals                        → design       (0.8) [want marketing]
OK   add a new field to the signup form                   → engineering  (0.8) [want engineering]
OK   fix the postpone bug in the scheduler                → engineering  (0.95) [want engineering]
OK   refactor the api routes into modules                 → engineering  (0.95) [want engineering]
MISS write unit tests for the outreach engine             → sales        (0.8) [want engineering]
OK   the build is failing on TypeScript errors            → engineering  (0.95) [want engineering]
OK   migrate the database schema                          → engineering  (0.95) [want engineering]
OK   debug why the websocket drops connections            → engineering  (0.8) [want engineering]
OK   optimize the slow query on the leads table           → engineering  (0.8) [want engineering]
ERR  review this pull request for security issues         → timed out
MISS set up the CI pipeline for tests                     → sales        (0.95) [want engineering]
OK   outreach to the new lead from the expo               → sales        (0.95) [want sales]
OK   send a cold email to the prospect                    → sales        (0.95) [want sales]
OK   draft an outreach message for the qualified lead     → sales        (0.95) [want sales]
OK   follow up with the client about the proposal         → sales        (0.95) [want sales]
OK   qualify this lead — budget and intent look strong    → sales        (0.95) [want sales]
OK   the client wants a pitch call tomorrow               → sales        (0.95) [want sales]
OK   update the sales pipeline stage for Casa Verde       → sales        (0.95) [want sales]
OK   prepare the retainer renewal quote                   → sales        (0.95) [want sales]
OK   log the deal win for War Room Demo Co                → sales        (0.95) [want sales]
OK   reach out to the gym chain about our services        → sales        (0.8) [want sales]
OK   what is our growth strategy for q4                   → strategy     (1.0) [want strategy]
OK   plan the company OKRs for next quarter               → strategy     (1.0) [want strategy]
OK   should we expand to Delhi or stay in Mumbai          → strategy     (1.0) [want strategy]
MISS review the quarterly business results                → operations   (0.8) [want strategy]
OK   set the vision for the next fiscal year              → strategy     (1.0) [want strategy]
MISS analyze our positioning against competitors          → research     (0.95) [want strategy]
OK   decide the pricing strategy for retainers            → strategy     (1.0) [want strategy]
MISS what did the team ship this week — give me the summa → engineering  (0.8) [want strategy]
MISS where is the company spending too much               → operations   (0.8) [want strategy]
MISS prioritize the roadmap for the next month            → engineering  (0.8) [want strategy]
OK   hire a senior designer for the studio                → hr           (0.8) [want hr]
OK   the new intern needs onboarding paperwork            → hr           (0.95) [want hr]
OK   run the weekly team health check                     → hr           (0.8) [want hr]
ERR  pause the designer agent — overloaded                → timed out
MISS how is the team's workload this week                 → operations   (0.8) [want hr]
MISS schedule performance reviews for the team            → operations   (0.95) [want hr]
MISS the engineer is stuck — reassign or help             → engineering  (0.95) [want hr]
OK   draft the offer letter for the sales hire            → hr           (0.63) [want hr]
MISS check who is idle in the roster                      → operations   (0.8) [want hr]
MISS resolve the HR flag on the content agent             → content      (0.8) [want hr]
MISS stop all tasks for now                               → operations   (0.8) [want orchestrator]
MISS what are the agents doing right now                  → operations   (0.8) [want orchestrator]
MISS show the status of the build task                    → engineering  (0.95) [want orchestrator]
MISS assign the design task to the designer               → design       (0.95) [want orchestrator]
MISS queue a new task for the content team                → content      (0.95) [want orchestrator]
MISS which tasks are blocked right now                    → operations   (0.8) [want orchestrator]
MISS retry the failed task                                → operations   (0.8) [want orchestrator]
MISS start a pipeline for the new client                  → sales        (0.95) [want orchestrator]
MISS show pending approvals                               → operations   (0.8) [want orchestrator]
MISS give me today's standup summary                      → operations   (0.95) [want orchestrator]
OK   research the competitor's pricing page               → research     (0.95) [want research]
MISS find case studies about interior design studios      → design       (0.95) [want research]
OK   monitor the market for new gym chains                → research     (0.95) [want research]
MISS look up the latest trends in fitness marketing       → marketing    (0.8) [want research]
MISS scrape the reviews for Brew Theory cafe              → engineering  (0.8) [want research]
OK   gather data on ad spend benchmarks                   → research     (0.95) [want research]
OK   study the competitor's onboarding flow               → research     (0.95) [want research]
OK   find similar agencies in Mumbai                      → research     (0.8) [want research]
OK   research what keywords our competitors rank for      → research     (0.95) [want research]
OK   compile a market report for the meeting              → research     (0.95) [want research]

=== HEADLINE: 38/70 = 54.3% (Sprint 8 baseline: 60.0% adapter / 18.6% real-Laya) ===
