=== BEFORE (soul only) vs AFTER (soul + style block) ===

--- engineer | task: Summarize the current state of the API for the ops log.
BEFORE (34370ms):
**Ops‑Log API – Current State (Sprint 24)**  

- **Base URL** – `https://api.spinachlabs.com/v1/ops` (stable v1)  
- **Endpoints**  
  - `GET /ops` – List recent log entries (paginated, 50 items/page). Supports `?since=ISO8601` and `?level={INFO|WARN|ERROR}` filters.  
  - `GET /ops/{id}` – Retrieve a single log entry by UUID. Returns 404 if missin

AFTER (17595ms):
**Summary:** I audited the API state. Here is the ops log entry.

---

**Ops Log — API Current State**

No deployment or code review occurred in this session. I have no repo access yet.

**What I need to proceed:**
1. Repo URL or local path.
2. Current branch and environment target (staging or production).
3. List of open PRs awaiting review.

**St

--- ceo | task: Summarize this month for the founder: 6 sprints shipped, 1 phase hardened, 0 clients live.
BEFORE (16505ms):
**Monthly Executive Summary**

We spent this month protecting the foundation.

Shipping six sprints demonstrates our delivery engine is disciplined and predictable. More importantly, hardening Phase 1 removes critical technical and operational risk before market exposure. Rushing an unhardened platform to production serves short-term optics; harden

AFTER (21957ms):
The engineering team completed 6 sprints and hardened 1 phase this month.
We have 0 clients live, so the business produces no revenue yet.

This matters because deployment delays threaten revenue targets for the next two quarters.

Hardening 1 phase protects the core codebase.
Shipping 6 sprints confirms delivery capacity.
Output metrics do not equ

--- social | task: Write a 2-line Instagram post about Spinach OS finishing its product sprints.
BEFORE (9713ms):
Spinach OS ke core sprints officially wrap ho gaye, codebase is finally breathing. 

Koi launch party nahi, ab seedha real users ke haath mein dena hai aur feedback sunna hai.

AFTER (19166ms):
Team ne Spinach OS ke product sprints close kar diye.
Core build stable hai, ab closed beta testing baaki hai.

=== API task-path round-trips (6 samples): 55, 55, 57, 61, 65, 99 ms
p50: 57ms  p95: 99ms (injection = prompt chars only)
exit: 0
