[retainer-cron] armed: daily 09:00 IST → POST /api/v1/retainer/run-due
[standup-daily-0930] armed: "30 9 * * 1-5" → orchestrator
[cto-weekly-review] armed: "0 10 * * 1" → cto
[ceo-monthly-strategy] armed: "0 11 1 * *" → ceo
[hr-watcher] armed: */5 * * * * — stuck/overloaded/idle/error_spike (flags only, never pauses)
[wf-watcher] armed: */10 * * * * — stage SLA 48h → attention card (THE INBOX)
[grow-scheduler] armed: */60s — scheduled slots queue publish jobs at time
[queue] worker started (5000ms tick) — handlers: grow:publish
Spinach OS API running on http://localhost:4000
WebSocket on ws://localhost:4000/ws and ws://localhost:4000/ws/activity
[assets] buckets ensured at boot
{"ts":"2026-10-04T18:42:17.904Z","level":"info","subsystem":"http","msg":"POST /api/v1/providers/model-picks","status":200,"ms":141}
{"ts":"2026-10-04T18:42:20.315Z","level":"info","subsystem":"http","msg":"GET /api/agents","status":304,"ms":58}
{"ts":"2026-10-04T18:42:20.339Z","level":"info","subsystem":"http","msg":"GET /api/schedule/today","status":304,"ms":85}
{"ts":"2026-10-04T18:43:20.311Z","level":"info","subsystem":"http","msg":"GET /api/agents","status":304,"ms":54}
{"ts":"2026-10-04T18:43:20.368Z","level":"info","subsystem":"http","msg":"GET /api/schedule/today","status":304,"ms":112}
{"ts":"2026-10-04T18:43:25.304Z","level":"info","subsystem":"http","msg":"GET /api/agents","status":304,"ms":53}
{"ts":"2026-10-04T18:43:25.372Z","level":"info","subsystem":"http","msg":"GET /api/v1/tasks/00603c5a-5d98-4d09-b58f-a56780ef0af2","status":304,"ms":125}
{"ts":"2026-10-04T18:43:25.386Z","level":"info","subsystem":"http","msg":"GET /api/schedule/today","status":304,"ms":136}
{"ts":"2026-10-04T18:44:26.253Z","level":"info","subsystem":"http","msg":"GET /api/agents","status":304,"ms":79}
{"ts":"2026-10-04T18:44:26.332Z","level":"info","subsystem":"http","msg":"GET /api/v1/tasks/00603c5a-5d98-4d09-b58f-a56780ef0af2","status":304,"ms":165}
{"ts":"2026-10-04T18:44:26.377Z","level":"info","subsystem":"http","msg":"GET /api/schedule/today","status":304,"ms":204}
{"ts":"2026-10-04T18:44:29.340Z","level":"info","subsystem":"http","msg":"GET /api/agents","status":304,"ms":55}
{"ts":"2026-10-04T18:44:29.349Z","level":"info","subsystem":"http","msg":"GET /api/v1/tasks/00603c5a-5d98-4d09-b58f-a56780ef0af2","status":304,"ms":85}
{"ts":"2026-10-04T18:44:29.381Z","level":"info","subsystem":"http","msg":"GET /api/schedule/today","status":304,"ms":100}
{"ts":"2026-10-04T18:45:08.319Z","level":"info","subsystem":"http","msg":"GET /api/agents","status":304,"ms":55}
{"ts":"2026-10-04T18:45:08.378Z","level":"info","subsystem":"http","msg":"GET /api/schedule/today","status":304,"ms":114}
{"ts":"2026-10-04T18:45:25.302Z","level":"info","subsystem":"http","msg":"GET /api/agents","status":304,"ms":48}
{"ts":"2026-10-04T18:45:25.325Z","level":"info","subsystem":"http","msg":"GET /api/schedule/today","status":304,"ms":72}
{"ts":"2026-10-04T18:45:25.345Z","level":"info","subsystem":"http","msg":"GET /api/v1/tasks/00603c5a-5d98-4d09-b58f-a56780ef0af2","status":304,"ms":97}
{"ts":"2026-10-04T18:45:29.301Z","level":"info","subsystem":"http","msg":"GET /api/agents","status":304,"ms":46}
{"ts":"2026-10-04T18:45:29.321Z","level":"info","subsystem":"http","msg":"GET /api/v1/tasks/00603c5a-5d98-4d09-b58f-a56780ef0af2","status":304,"ms":72}
{"ts":"2026-10-04T18:45:29.339Z","level":"info","subsystem":"http","msg":"GET /api/schedule/today","status":304,"ms":85}
{"ts":"2026-10-04T18:46:09.351Z","level":"info","subsystem":"http","msg":"GET /api/agents","status":304,"ms":92}
{"ts":"2026-10-04T18:46:09.368Z","level":"info","subsystem":"http","msg":"GET /api/schedule/today","status":304,"ms":114}
{"ts":"2026-10-04T18:46:25.351Z","level":"info","subsystem":"http","msg":"GET /api/agents","status":304,"ms":82}
{"ts":"2026-10-04T18:46:25.395Z","level":"info","subsystem":"http","msg":"GET /api/schedule/today","status":304,"ms":127}
{"ts":"2026-10-04T18:46:25.397Z","level":"info","subsystem":"http","msg":"GET /api/v1/tasks/00603c5a-5d98-4d09-b58f-a56780ef0af2","status":304,"ms":136}
{"ts":"2026-10-04T18:46:29.309Z","level":"info","subsystem":"http","msg":"GET /api/agents","status":304,"ms":48}
{"ts":"2026-10-04T18:46:29.371Z","level":"info","subsystem":"http","msg":"GET /api/schedule/today","status":304,"ms":111}
{"ts":"2026-10-04T18:46:29.372Z","level":"info","subsystem":"http","msg":"GET /api/v1/tasks/00603c5a-5d98-4d09-b58f-a56780ef0af2","status":304,"ms":118}
{"ts":"2026-10-04T18:47:10.385Z","level":"info","subsystem":"http","msg":"GET /api/agents","status":304,"ms":131}
{"ts":"2026-10-04T18:47:10.749Z","level":"info","subsystem":"http","msg":"GET /api/schedule/today","status":304,"ms":498}
{"ts":"2026-10-04T18:47:25.293Z","level":"info","subsystem":"http","msg":"GET /api/agents","status":304,"ms":40}
{"ts":"2026-10-04T18:47:25.333Z","level":"info","subsystem":"http","msg":"GET /api/v1/tasks/00603c5a-5d98-4d09-b58f-a56780ef0af2","status":304,"ms":86}
{"ts":"2026-10-04T18:47:25.336Z","level":"info","subsystem":"http","msg":"GET /api/schedule/today","status":304,"ms":84}
{"ts":"2026-10-04T18:47:29.285Z","level":"info","subsystem":"http","msg":"GET /api/agents","status":304,"ms":30}
{"ts":"2026-10-04T18:47:29.313Z","level":"info","subsystem":"http","msg":"GET /api/schedule/today","status":304,"ms":59}
{"ts":"2026-10-04T18:47:29.316Z","level":"info","subsystem":"http","msg":"GET /api/v1/tasks/00603c5a-5d98-4d09-b58f-a56780ef0af2","status":304,"ms":68}
{"ts":"2026-10-04T18:48:11.290Z","level":"info","subsystem":"http","msg":"GET /api/agents","status":304,"ms":32}
{"ts":"2026-10-04T18:48:11.329Z","level":"info","subsystem":"http","msg":"GET /api/schedule/today","status":304,"ms":73}
{"ts":"2026-10-04T18:48:25.317Z","level":"info","subsystem":"http","msg":"GET /api/agents","status":304,"ms":55}
{"ts":"2026-10-04T18:48:25.365Z","level":"info","subsystem":"http","msg":"GET /api/v1/tasks/00603c5a-5d98-4d09-b58f-a56780ef0af2","status":304,"ms":108}
{"ts":"2026-10-04T18:48:25.373Z","level":"info","subsystem":"http","msg":"GET /api/schedule/today","status":304,"ms":111}
{"ts":"2026-10-04T18:48:29.287Z","level":"info","subsystem":"http","msg":"GET /api/agents","status":304,"ms":31}
{"ts":"2026-10-04T18:48:29.313Z","level":"info","subsystem":"http","msg":"GET /api/schedule/today","status":304,"ms":58}
{"ts":"2026-10-04T18:48:29.321Z","level":"info","subsystem":"http","msg":"GET /api/v1/tasks/00603c5a-5d98-4d09-b58f-a56780ef0af2","status":304,"ms":74}
{"ts":"2026-10-04T18:49:12.288Z","level":"info","subsystem":"http","msg":"GET /api/agents","status":304,"ms":29}
{"ts":"2026-10-04T18:49:12.311Z","level":"info","subsystem":"http","msg":"GET /api/schedule/today","status":304,"ms":58}
{"ts":"2026-10-04T18:49:25.386Z","level":"info","subsystem":"http","msg":"GET /api/agents","status":304,"ms":122}
{"ts":"2026-10-04T18:49:25.393Z","level":"info","subsystem":"http","msg":"GET /api/v1/tasks/00603c5a-5d98-4d09-b58f-a56780ef0af2","status":304,"ms":136}
{"ts":"2026-10-04T18:49:25.422Z","level":"info","subsystem":"http","msg":"GET /api/schedule/today","status":304,"ms":159}
{"ts":"2026-10-04T18:50:26.329Z","level":"info","subsystem":"http","msg":"GET /api/agents","status":304,"ms":64}
{"ts":"2026-10-04T18:50:26.422Z","level":"info","subsystem":"http","msg":"GET /api/v1/tasks/00603c5a-5d98-4d09-b58f-a56780ef0af2","status":304,"ms":163}
{"ts":"2026-10-04T18:50:26.423Z","level":"info","subsystem":"http","msg":"GET /api/schedule/today","status":304,"ms":159}
{"ts":"2026-10-04T18:51:08.308Z","level":"info","subsystem":"http","msg":"GET /api/agents","status":304,"ms":47}
{"ts":"2026-10-04T18:51:08.342Z","level":"info","subsystem":"http","msg":"GET /api/schedule/today","status":304,"ms":86}
{"ts":"2026-10-04T18:51:27.291Z","level":"info","subsystem":"http","msg":"GET /api/agents","status":304,"ms":25}
{"ts":"2026-10-04T18:51:27.316Z","level":"info","subsystem":"http","msg":"GET /api/v1/tasks/00603c5a-5d98-4d09-b58f-a56780ef0af2","status":304,"ms":65}
{"ts":"2026-10-04T18:51:27.318Z","level":"info","subsystem":"http","msg":"GET /api/schedule/today","status":304,"ms":54}
{"ts":"2026-10-04T18:52:09.281Z","level":"info","subsystem":"http","msg":"GET /api/agents","status":304,"ms":28}
{"ts":"2026-10-04T18:52:09.322Z","level":"info","subsystem":"http","msg":"GET /api/schedule/today","status":304,"ms":72}
{"ts":"2026-10-04T18:52:28.288Z","level":"info","subsystem":"http","msg":"GET /api/agents","status":304,"ms":32}
{"ts":"2026-10-04T18:52:28.320Z","level":"info","subsystem":"http","msg":"GET /api/v1/tasks/00603c5a-5d98-4d09-b58f-a56780ef0af2","status":304,"ms":69}
{"ts":"2026-10-04T18:52:28.323Z","level":"info","subsystem":"http","msg":"GET /api/schedule/today","status":304,"ms":68}
{"ts":"2026-10-04T18:53:10.292Z","level":"info","subsystem":"http","msg":"GET /api/agents","status":304,"ms":33}
{"ts":"2026-10-04T18:53:10.323Z","level":"info","subsystem":"http","msg":"GET /api/schedule/today","status":304,"ms":65}
{"ts":"2026-10-04T18:53:29.284Z","level":"info","subsystem":"http","msg":"GET /api/agents","status":304,"ms":26}
{"ts":"2026-10-04T18:53:29.308Z","level":"info","subsystem":"http","msg":"GET /api/schedule/today","status":304,"ms":51}
{"ts":"2026-10-04T18:53:29.309Z","level":"info","subsystem":"http","msg":"GET /api/v1/tasks/00603c5a-5d98-4d09-b58f-a56780ef0af2","status":304,"ms":56}
{"ts":"2026-10-04T18:54:11.309Z","level":"info","subsystem":"http","msg":"GET /api/agents","status":304,"ms":49}
{"ts":"2026-10-04T18:54:11.345Z","level":"info","subsystem":"http","msg":"GET /api/schedule/today","status":304,"ms":87}
{"ts":"2026-10-04T18:55:12.311Z","level":"info","subsystem":"http","msg":"GET /api/agents","status":304,"ms":50}
{"ts":"2026-10-04T18:55:12.359Z","level":"info","subsystem":"http","msg":"GET /api/schedule/today","status":304,"ms":99}
{"ts":"2026-10-04T18:55:25.311Z","level":"info","subsystem":"http","msg":"GET /api/agents","status":304,"ms":56}
{"ts":"2026-10-04T18:55:25.351Z","level":"info","subsystem":"http","msg":"GET /api/schedule/today","status":304,"ms":97}
{"ts":"2026-10-04T18:55:25.392Z","level":"info","subsystem":"http","msg":"GET /api/v1/tasks/00603c5a-5d98-4d09-b58f-a56780ef0af2","status":304,"ms":142}
{"ts":"2026-10-04T18:56:26.934Z","level":"info","subsystem":"http","msg":"GET /api/v1/tasks/00603c5a-5d98-4d09-b58f-a56780ef0af2","status":304,"ms":679}
{"ts":"2026-10-04T18:56:26.936Z","level":"info","subsystem":"http","msg":"GET /api/agents","status":304,"ms":665}
{"ts":"2026-10-04T18:56:26.971Z","level":"info","subsystem":"http","msg":"GET /api/schedule/today","status":304,"ms":703}
{"ts":"2026-10-04T18:57:08.320Z","level":"info","subsystem":"http","msg":"GET /api/schedule/today","status":304,"ms":62}
{"ts":"2026-10-04T18:57:08.326Z","level":"info","subsystem":"http","msg":"GET /api/agents","status":304,"ms":67}
{"ts":"2026-10-04T18:57:27.303Z","level":"info","subsystem":"http","msg":"GET /api/agents","status":304,"ms":38}
{"ts":"2026-10-04T18:57:27.331Z","level":"info","subsystem":"http","msg":"GET /api/schedule/today","status":304,"ms":67}
{"ts":"2026-10-04T18:57:27.340Z","level":"info","subsystem":"http","msg":"GET /api/v1/tasks/00603c5a-5d98-4d09-b58f-a56780ef0af2","status":304,"ms":79}
{"ts":"2026-10-04T18:58:09.310Z","level":"info","subsystem":"http","msg":"GET /api/agents","status":304,"ms":52}
{"ts":"2026-10-04T18:58:09.345Z","level":"info","subsystem":"http","msg":"GET /api/schedule/today","status":304,"ms":88}
{"ts":"2026-10-04T18:58:28.294Z","level":"info","subsystem":"http","msg":"GET /api/agents","status":304,"ms":34}
{"ts":"2026-10-04T18:58:28.319Z","level":"info","subsystem":"http","msg":"GET /api/v1/tasks/00603c5a-5d98-4d09-b58f-a56780ef0af2","status":304,"ms":64}
{"ts":"2026-10-04T18:58:28.320Z","level":"info","subsystem":"http","msg":"GET /api/schedule/today","status":304,"ms":60}
{"ts":"2026-10-04T18:59:10.291Z","level":"info","subsystem":"http","msg":"GET /api/agents","status":304,"ms":34}
{"ts":"2026-10-04T18:59:10.315Z","level":"info","subsystem":"http","msg":"GET /api/schedule/today","status":304,"ms":60}
{"ts":"2026-10-04T18:59:29.287Z","level":"info","subsystem":"http","msg":"GET /api/agents","status":304,"ms":29}
{"ts":"2026-10-04T18:59:29.313Z","level":"info","subsystem":"http","msg":"GET /api/v1/tasks/00603c5a-5d98-4d09-b58f-a56780ef0af2","status":304,"ms":60}
{"ts":"2026-10-04T18:59:29.320Z","level":"info","subsystem":"http","msg":"GET /api/schedule/today","status":304,"ms":63}
[wf-watcher] stuck: "content_creation" 48h on client_pipeline → attention card 27154543
[wf-watcher] 2026-10-04T19:00:03.457Z flagged=1 resolved=0
{"ts":"2026-10-04T19:00:11.287Z","level":"info","subsystem":"http","msg":"GET /api/agents","status":304,"ms":32}
{"ts":"2026-10-04T19:00:11.301Z","level":"info","subsystem":"http","msg":"GET /api/schedule/today","status":304,"ms":47}
{"ts":"2026-10-04T19:01:12.302Z","level":"info","subsystem":"http","msg":"GET /api/agents","status":304,"ms":52}
{"ts":"2026-10-04T19:01:12.336Z","level":"info","subsystem":"http","msg":"GET /api/schedule/today","status":304,"ms":87}
{"ts":"2026-10-04T19:01:25.296Z","level":"info","subsystem":"http","msg":"GET /api/agents","status":304,"ms":30}
{"ts":"2026-10-04T19:01:25.313Z","level":"info","subsystem":"http","msg":"GET /api/v1/tasks/00603c5a-5d98-4d09-b58f-a56780ef0af2","status":304,"ms":56}
{"ts":"2026-10-04T19:01:25.322Z","level":"info","subsystem":"http","msg":"GET /api/schedule/today","status":304,"ms":58}
{"ts":"2026-10-04T19:02:27.010Z","level":"info","subsystem":"http","msg":"GET /api/agents","status":304,"ms":749}
{"ts":"2026-10-04T19:02:27.043Z","level":"info","subsystem":"http","msg":"GET /api/schedule/today","status":304,"ms":783}
{"ts":"2026-10-04T19:02:27.055Z","level":"info","subsystem":"http","msg":"GET /api/v1/tasks/00603c5a-5d98-4d09-b58f-a56780ef0af2","status":304,"ms":799}
{"ts":"2026-10-04T19:03:08.336Z","level":"info","subsystem":"http","msg":"GET /api/agents","status":304,"ms":73}
{"ts":"2026-10-04T19:03:08.374Z","level":"info","subsystem":"http","msg":"GET /api/schedule/today","status":304,"ms":112}
{"ts":"2026-10-04T19:03:27.607Z","level":"info","subsystem":"http","msg":"GET /api/agents","status":304,"ms":351}
{"ts":"2026-10-04T19:03:27.724Z","level":"info","subsystem":"http","msg":"GET /api/schedule/today","status":304,"ms":469}
{"ts":"2026-10-04T19:03:27.727Z","level":"info","subsystem":"http","msg":"GET /api/v1/tasks/00603c5a-5d98-4d09-b58f-a56780ef0af2","status":304,"ms":481}
{"ts":"2026-10-04T19:04:09.302Z","level":"info","subsystem":"http","msg":"GET /api/agents","status":304,"ms":50}
{"ts":"2026-10-04T19:04:09.326Z","level":"info","subsystem":"http","msg":"GET /api/schedule/today","status":304,"ms":77}
{"ts":"2026-10-04T19:04:28.284Z","level":"info","subsystem":"http","msg":"GET /api/agents","status":304,"ms":30}
{"ts":"2026-10-04T19:04:28.318Z","level":"info","subsystem":"http","msg":"GET /api/v1/tasks/00603c5a-5d98-4d09-b58f-a56780ef0af2","status":304,"ms":67}
{"ts":"2026-10-04T19:04:28.322Z","level":"info","subsystem":"http","msg":"GET /api/schedule/today","status":304,"ms":69}
{"ts":"2026-10-04T19:05:10.286Z","level":"info","subsystem":"http","msg":"GET /api/agents","status":304,"ms":31}
{"ts":"2026-10-04T19:05:10.310Z","level":"info","subsystem":"http","msg":"GET /api/schedule/today","status":304,"ms":56}
{"ts":"2026-10-04T19:05:29.288Z","level":"info","subsystem":"http","msg":"GET /api/agents","status":304,"ms":37}
{"ts":"2026-10-04T19:05:29.321Z","level":"info","subsystem":"http","msg":"GET /api/schedule/today","status":304,"ms":70}
{"ts":"2026-10-04T19:05:29.322Z","level":"info","subsystem":"http","msg":"GET /api/v1/tasks/00603c5a-5d98-4d09-b58f-a56780ef0af2","status":304,"ms":75}
{"ts":"2026-10-04T19:06:11.424Z","level":"info","subsystem":"http","msg":"GET /api/agents","status":304,"ms":147}
{"ts":"2026-10-04T19:06:11.738Z","level":"info","subsystem":"http","msg":"GET /api/schedule/today","status":304,"ms":462}
{"ts":"2026-10-04T19:07:10.286Z","level":"info","subsystem":"http","msg":"GET /api/agents","status":304,"ms":28}
{"ts":"2026-10-04T19:07:10.317Z","level":"info","subsystem":"http","msg":"GET /api/v1/tasks/00603c5a-5d98-4d09-b58f-a56780ef0af2","status":304,"ms":64}
{"ts":"2026-10-04T19:07:10.320Z","level":"info","subsystem":"http","msg":"GET /api/schedule/today","status":304,"ms":63}
{"ts":"2026-10-04T19:07:12.301Z","level":"info","subsystem":"http","msg":"GET /api/agents","status":304,"ms":43}
{"ts":"2026-10-04T19:07:12.331Z","level":"info","subsystem":"http","msg":"GET /api/schedule/today","status":304,"ms":73}
{"ts":"2026-10-04T19:07:20.336Z","level":"info","subsystem":"http","msg":"GET /api/v1/tasks/00603c5a-5d98-4d09-b58f-a56780ef0af2","status":304,"ms":74}
{"ts":"2026-10-04T19:07:45.072Z","level":"info","subsystem":"http","msg":"GET /api/agents","status":304,"ms":98}
{"ts":"2026-10-04T19:07:45.131Z","level":"info","subsystem":"http","msg":"GET /api/schedule/today","status":304,"ms":158}
{"ts":"2026-10-04T19:07:52.898Z","level":"info","subsystem":"http","msg":"GET /api/agents","status":304,"ms":140}
{"ts":"2026-10-04T19:07:52.971Z","level":"info","subsystem":"http","msg":"GET /api/schedule/today","status":304,"ms":213}
{"ts":"2026-10-04T19:07:54.915Z","level":"info","subsystem":"http","msg":"GET /api/v1/approvals/pending","status":200,"ms":77}
{"ts":"2026-10-04T19:07:54.967Z","level":"info","subsystem":"http","msg":"GET /api/v1/pnl","status":200,"ms":131}
{"ts":"2026-10-04T19:07:55.044Z","level":"info","subsystem":"http","msg":"GET /api/v1/pnl","status":304,"ms":74}
{"ts":"2026-10-04T19:08:09.234Z","level":"info","subsystem":"http","msg":"GET /api/v1/ledger","status":200,"ms":51}
{"ts":"2026-10-04T19:08:09.253Z","level":"info","subsystem":"http","msg":"GET /api/v1/approvals/pending","status":304,"ms":66}
{"ts":"2026-10-04T19:08:09.279Z","level":"info","subsystem":"http","msg":"GET /api/v1/ledger","status":304,"ms":41}
{"ts":"2026-10-04T19:08:09.311Z","level":"info","subsystem":"http","msg":"GET /api/v1/ledger/stats","status":200,"ms":126}
{"ts":"2026-10-04T19:08:09.348Z","level":"info","subsystem":"http","msg":"GET /api/v1/ledger/stats","status":304,"ms":34}
{"ts":"2026-10-04T19:08:20.298Z","level":"info","subsystem":"http","msg":"GET /api/agents","status":304,"ms":37}
{"ts":"2026-10-04T19:08:20.319Z","level":"info","subsystem":"http","msg":"GET /api/schedule/today","status":304,"ms":59}
{"ts":"2026-10-04T19:08:20.320Z","level":"info","subsystem":"http","msg":"GET /api/v1/tasks/00603c5a-5d98-4d09-b58f-a56780ef0af2","status":304,"ms":67}
{"ts":"2026-10-04T19:08:22.814Z","level":"info","subsystem":"http","msg":"GET /api/agents","status":304,"ms":99}
{"ts":"2026-10-04T19:08:22.853Z","level":"info","subsystem":"http","msg":"GET /api/schedule/today","status":304,"ms":139}
{"ts":"2026-10-04T19:08:32.506Z","level":"info","subsystem":"http","msg":"GET /api/v1/ledger","status":200,"ms":36}
{"ts":"2026-10-04T19:08:36.539Z","level":"info","subsystem":"http","msg":"GET /api/v1/ledger","status":200,"ms":46}
{"ts":"2026-10-04T19:08:41.194Z","level":"info","subsystem":"http","msg":"GET /api/v1/playbooks","status":200,"ms":292}
{"ts":"2026-10-04T19:08:41.198Z","level":"info","subsystem":"http","msg":"GET /api/v1/clients","status":200,"ms":293}
{"ts":"2026-10-04T19:08:41.237Z","level":"info","subsystem":"http","msg":"GET /api/v1/playbooks","status":304,"ms":36}
{"ts":"2026-10-04T19:08:41.246Z","level":"info","subsystem":"http","msg":"GET /api/v1/approvals/pending","status":304,"ms":346}
{"ts":"2026-10-04T19:08:41.248Z","level":"info","subsystem":"http","msg":"GET /api/v1/clients","status":304,"ms":45}
{"ts":"2026-10-04T19:08:52.012Z","level":"info","subsystem":"http","msg":"GET /api/v1/approvals/pending","status":304,"ms":208}
{"ts":"2026-10-04T19:08:52.036Z","level":"info","subsystem":"http","msg":"GET /api/v1/assets","status":304,"ms":226}
{"ts":"2026-10-04T19:08:52.043Z","level":"info","subsystem":"http","msg":"GET /api/v1/workflows","status":200,"ms":231}
{"ts":"2026-10-04T19:08:52.051Z","level":"info","subsystem":"http","msg":"POST /api/v1/assets/78657440-f7c5-4ee6-a931-618ca6962c90/download","status":404,"ms":2}
{"ts":"2026-10-04T19:08:52.052Z","level":"info","subsystem":"http","msg":"GET /api/v1/images/file/1791018661448-logo-mark-test.png","status":401,"ms":1}
{"ts":"2026-10-04T19:08:52.059Z","level":"info","subsystem":"http","msg":"POST /api/v1/assets/d185b541-f08c-42d3-86f6-43efe59cd9cd/download","status":404,"ms":0}
{"ts":"2026-10-04T19:08:52.104Z","level":"info","subsystem":"http","msg":"GET /api/v1/assets","status":304,"ms":61}
{"ts":"2026-10-04T19:08:52.108Z","level":"info","subsystem":"http","msg":"POST /api/v1/assets/78657440-f7c5-4ee6-a931-618ca6962c90/download","status":404,"ms":1}
{"ts":"2026-10-04T19:08:52.110Z","level":"info","subsystem":"http","msg":"POST /api/v1/assets/d185b541-f08c-42d3-86f6-43efe59cd9cd/download","status":404,"ms":1}
{"ts":"2026-10-04T19:08:52.128Z","level":"info","subsystem":"http","msg":"GET /api/v1/workflows","status":304,"ms":82}
{"ts":"2026-10-04T19:08:52.208Z","level":"info","subsystem":"http","msg":"GET /api/v1/clients","status":304,"ms":397}
{"ts":"2026-10-04T19:08:52.243Z","level":"info","subsystem":"http","msg":"GET /api/v1/clients","status":304,"ms":33}
{"ts":"2026-10-04T19:08:52.794Z","level":"info","subsystem":"http","msg":"GET /api/agents","status":304,"ms":79}
{"ts":"2026-10-04T19:08:52.903Z","level":"info","subsystem":"http","msg":"GET /api/schedule/today","status":304,"ms":188}
{"ts":"2026-10-04T19:08:54.213Z","level":"info","subsystem":"http","msg":"GET /api/v1/images/file/1791018661448-logo-mark-test.png","status":401,"ms":0}
{"ts":"2026-10-04T19:08:57.731Z","level":"info","subsystem":"http","msg":"POST /api/v1/assets/19d8fe4a-20f1-498d-946b-0bcce4efd83b/download","status":404,"ms":1}
{"ts":"2026-10-04T19:09:08.317Z","level":"info","subsystem":"http","msg":"GET /api/v1/images/file/1791018661448-logo-mark-test.png","status":401,"ms":0}
{"ts":"2026-10-04T19:09:09.925Z","level":"info","subsystem":"http","msg":"GET /api/v1/images/file/1791018661448-logo-mark-test.png","status":401,"ms":0}
{"ts":"2026-10-04T19:09:12.000Z","level":"info","subsystem":"http","msg":"GET /api/v1/clients","status":304,"ms":44}
{"ts":"2026-10-04T19:09:12.008Z","level":"info","subsystem":"http","msg":"GET /api/v1/approvals/pending","status":304,"ms":50}
{"ts":"2026-10-04T19:09:12.037Z","level":"info","subsystem":"http","msg":"GET /api/v1/clients","status":304,"ms":35}
{"ts":"2026-10-04T19:09:16.572Z","level":"info","subsystem":"http","msg":"GET /api/v1/invoices","status":200,"ms":97}
{"ts":"2026-10-04T19:09:16.578Z","level":"info","subsystem":"http","msg":"GET /api/v1/retainer/schedule","status":304,"ms":98}
{"ts":"2026-10-04T19:09:16.588Z","level":"info","subsystem":"http","msg":"GET /api/v1/approvals/pending","status":304,"ms":123}
{"ts":"2026-10-04T19:09:16.610Z","level":"info","subsystem":"http","msg":"GET /api/v1/deliverables","status":200,"ms":36}
{"ts":"2026-10-04T19:09:16.612Z","level":"info","subsystem":"http","msg":"GET /api/v1/invoices","status":304,"ms":33}
{"ts":"2026-10-04T19:09:16.640Z","level":"info","subsystem":"http","msg":"GET /api/v1/retainer/schedule","status":304,"ms":29}
{"ts":"2026-10-04T19:09:16.646Z","level":"info","subsystem":"http","msg":"GET /api/v1/deliverables","status":304,"ms":33}
{"ts":"2026-10-04T19:09:16.701Z","level":"info","subsystem":"http","msg":"GET /api/v1/packages","status":304,"ms":219}
{"ts":"2026-10-04T19:09:16.735Z","level":"info","subsystem":"http","msg":"GET /api/v1/packages","status":304,"ms":33}
{"ts":"2026-10-04T19:09:16.837Z","level":"info","subsystem":"http","msg":"GET /api/v1/clients/c62bcf66-ae02-4aac-8272-bb25f01f04e2","status":200,"ms":366}
{"ts":"2026-10-04T19:09:16.847Z","level":"info","subsystem":"http","msg":"GET /api/v1/knowledge/context/c62bcf66-ae02-4aac-8272-bb25f01f04e2","status":200,"ms":374}
{"ts":"2026-10-04T19:09:16.882Z","level":"info","subsystem":"http","msg":"GET /api/v1/clients/c62bcf66-ae02-4aac-8272-bb25f01f04e2","status":304,"ms":42}
{"ts":"2026-10-04T19:09:16.931Z","level":"info","subsystem":"http","msg":"GET /api/v1/approvals","status":500,"ms":454}
{"ts":"2026-10-04T19:09:16.940Z","level":"info","subsystem":"http","msg":"GET /api/v1/knowledge/context/c62bcf66-ae02-4aac-8272-bb25f01f04e2","status":304,"ms":90}
{"ts":"2026-10-04T19:09:16.965Z","level":"info","subsystem":"http","msg":"GET /api/v1/approvals","status":500,"ms":31}
{"ts":"2026-10-04T19:09:17.013Z","level":"info","subsystem":"http","msg":"GET /api/v1/pnl","status":304,"ms":64}
{"ts":"2026-10-04T19:09:17.075Z","level":"info","subsystem":"http","msg":"GET /api/v1/pnl","status":304,"ms":61}
{"ts":"2026-10-04T19:09:20.299Z","level":"info","subsystem":"http","msg":"GET /api/agents","status":304,"ms":34}
{"ts":"2026-10-04T19:09:20.326Z","level":"info","subsystem":"http","msg":"GET /api/v1/tasks/00603c5a-5d98-4d09-b58f-a56780ef0af2","status":304,"ms":72}
{"ts":"2026-10-04T19:09:20.341Z","level":"info","subsystem":"http","msg":"GET /api/schedule/today","status":304,"ms":77}
{"ts":"2026-10-04T19:09:22.757Z","level":"info","subsystem":"http","msg":"GET /api/agents","status":304,"ms":38}
{"ts":"2026-10-04T19:09:22.785Z","level":"info","subsystem":"http","msg":"GET /api/schedule/today","status":304,"ms":67}
{"ts":"2026-10-04T19:09:29.291Z","level":"info","subsystem":"http","msg":"GET /api/projects","status":304,"ms":63}
{"ts":"2026-10-04T19:09:29.293Z","level":"info","subsystem":"http","msg":"GET /api/assets","status":304,"ms":64}
{"ts":"2026-10-04T19:09:29.294Z","level":"info","subsystem":"http","msg":"GET /api/jobs","status":200,"ms":67}
{"ts":"2026-10-04T19:09:29.299Z","level":"info","subsystem":"http","msg":"GET /api/overview/stats","status":200,"ms":75}
{"ts":"2026-10-04T19:09:29.312Z","level":"info","subsystem":"http","msg":"GET /api/activity","status":304,"ms":86}
{"ts":"2026-10-04T19:09:29.354Z","level":"info","subsystem":"http","msg":"GET /api/outputs","status":304,"ms":58}
{"ts":"2026-10-04T19:09:31.590Z","level":"info","subsystem":"http","msg":"GET /api/assets","status":304,"ms":47}
{"ts":"2026-10-04T19:09:31.591Z","level":"info","subsystem":"http","msg":"GET /api/jobs","status":304,"ms":51}
{"ts":"2026-10-04T19:09:31.594Z","level":"info","subsystem":"http","msg":"GET /api/overview/stats","status":304,"ms":56}
{"ts":"2026-10-04T19:09:31.596Z","level":"info","subsystem":"http","msg":"GET /api/projects","status":304,"ms":55}
{"ts":"2026-10-04T19:09:31.596Z","level":"info","subsystem":"http","msg":"GET /api/activity","status":304,"ms":56}
{"ts":"2026-10-04T19:09:31.634Z","level":"info","subsystem":"http","msg":"GET /api/outputs","status":304,"ms":34}
{"ts":"2026-10-04T19:09:31.640Z","level":"info","subsystem":"http","msg":"GET /api/v1/approvals/pending","status":304,"ms":35}
{"ts":"2026-10-04T19:09:32.364Z","level":"info","subsystem":"http","msg":"GET /api/v1/threads","status":304,"ms":140}
{"ts":"2026-10-04T19:09:32.365Z","level":"info","subsystem":"http","msg":"GET /api/v1/approvals/pending","status":304,"ms":140}
{"ts":"2026-10-04T19:09:32.370Z","level":"info","subsystem":"http","msg":"GET /api/v1/threads/4f63ef54-d061-48a8-ae9f-b62008b8dadd/messages","status":304,"ms":147}
{"ts":"2026-10-04T19:09:32.403Z","level":"info","subsystem":"http","msg":"GET /api/v1/threads","status":304,"ms":37}
{"ts":"2026-10-04T19:09:32.405Z","level":"info","subsystem":"http","msg":"GET /api/v1/threads/4f63ef54-d061-48a8-ae9f-b62008b8dadd/messages","status":304,"ms":34}
{"ts":"2026-10-04T19:09:53.350Z","level":"info","subsystem":"http","msg":"GET /api/agents","status":304,"ms":102}
{"ts":"2026-10-04T19:09:53.406Z","level":"info","subsystem":"http","msg":"GET /api/schedule/today","status":304,"ms":159}
{"ts":"2026-10-04T19:10:20.471Z","level":"info","subsystem":"http","msg":"GET /api/agents","status":304,"ms":51}
{"ts":"2026-10-04T19:10:20.545Z","level":"info","subsystem":"http","msg":"GET /api/schedule/today","status":304,"ms":143}
{"ts":"2026-10-04T19:10:20.550Z","level":"info","subsystem":"http","msg":"GET /api/v1/tasks/00603c5a-5d98-4d09-b58f-a56780ef0af2","status":304,"ms":155}
{"ts":"2026-10-04T19:10:23.382Z","level":"info","subsystem":"http","msg":"GET /api/agents","status":304,"ms":126}
{"ts":"2026-10-04T19:10:23.520Z","level":"info","subsystem":"http","msg":"GET /api/schedule/today","status":304,"ms":265}
{"ts":"2026-10-04T19:11:20.336Z","level":"info","subsystem":"http","msg":"GET /api/agents","status":304,"ms":73}
{"ts":"2026-10-04T19:11:20.375Z","level":"info","subsystem":"http","msg":"GET /api/schedule/today","status":304,"ms":113}
{"ts":"2026-10-04T19:11:20.385Z","level":"info","subsystem":"http","msg":"GET /api/v1/tasks/00603c5a-5d98-4d09-b58f-a56780ef0af2","status":304,"ms":130}
{"ts":"2026-10-04T19:11:20.386Z","level":"info","subsystem":"http","msg":"GET /api/agents","status":304,"ms":43}
{"ts":"2026-10-04T19:11:20.454Z","level":"info","subsystem":"http","msg":"GET /api/schedule/today","status":304,"ms":71}
{"ts":"2026-10-04T19:12:20.457Z","level":"info","subsystem":"http","msg":"GET /api/agents","status":304,"ms":180}
{"ts":"2026-10-04T19:12:20.606Z","level":"info","subsystem":"http","msg":"GET /api/v1/tasks/00603c5a-5d98-4d09-b58f-a56780ef0af2","status":304,"ms":341}
{"ts":"2026-10-04T19:12:20.608Z","level":"info","subsystem":"http","msg":"GET /api/schedule/today","status":304,"ms":335}
{"ts":"2026-10-04T19:12:20.610Z","level":"info","subsystem":"http","msg":"GET /api/agents","status":304,"ms":147}
{"ts":"2026-10-04T19:12:20.751Z","level":"info","subsystem":"http","msg":"GET /api/schedule/today","status":304,"ms":134}
{"ts":"2026-10-04T19:12:30.703Z","level":"info","subsystem":"http","msg":"GET /api/agents","status":304,"ms":25}
{"ts":"2026-10-04T19:12:30.745Z","level":"info","subsystem":"http","msg":"GET /api/schedule/today","status":304,"ms":70}
{"ts":"2026-10-04T19:12:53.292Z","level":"info","subsystem":"http","msg":"GET /api/agents","status":304,"ms":35}
{"ts":"2026-10-04T19:12:53.320Z","level":"info","subsystem":"http","msg":"GET /api/schedule/today","status":304,"ms":63}
{"ts":"2026-10-04T19:13:20.300Z","level":"info","subsystem":"http","msg":"GET /api/agents","status":304,"ms":35}
{"ts":"2026-10-04T19:13:20.320Z","level":"info","subsystem":"http","msg":"GET /api/v1/tasks/00603c5a-5d98-4d09-b58f-a56780ef0af2","status":304,"ms":65}
{"ts":"2026-10-04T19:13:20.322Z","level":"info","subsystem":"http","msg":"GET /api/schedule/today","status":304,"ms":58}
{"ts":"2026-10-04T19:13:23.297Z","level":"info","subsystem":"http","msg":"GET /api/agents","status":304,"ms":36}
{"ts":"2026-10-04T19:13:23.322Z","level":"info","subsystem":"http","msg":"GET /api/schedule/today","status":304,"ms":62}
{"ts":"2026-10-04T19:14:25.286Z","level":"info","subsystem":"http","msg":"GET /api/agents","status":304,"ms":30}
{"ts":"2026-10-04T19:14:25.318Z","level":"info","subsystem":"http","msg":"GET /api/v1/tasks/00603c5a-5d98-4d09-b58f-a56780ef0af2","status":304,"ms":70}
{"ts":"2026-10-04T19:14:25.320Z","level":"info","subsystem":"http","msg":"GET /api/schedule/today","status":304,"ms":65}
{"ts":"2026-10-04T19:14:55.296Z","level":"info","subsystem":"http","msg":"GET /api/agents","status":304,"ms":44}
{"ts":"2026-10-04T19:14:55.324Z","level":"info","subsystem":"http","msg":"GET /api/schedule/today","status":304,"ms":73}
{"ts":"2026-10-04T19:15:26.290Z","level":"info","subsystem":"http","msg":"GET /api/agents","status":304,"ms":31}
{"ts":"2026-10-04T19:15:26.321Z","level":"info","subsystem":"http","msg":"GET /api/v1/tasks/00603c5a-5d98-4d09-b58f-a56780ef0af2","status":304,"ms":67}
{"ts":"2026-10-04T19:15:26.323Z","level":"info","subsystem":"http","msg":"GET /api/schedule/today","status":304,"ms":65}
{"ts":"2026-10-04T19:16:08.281Z","level":"info","subsystem":"http","msg":"GET /api/agents","status":304,"ms":25}
{"ts":"2026-10-04T19:16:08.326Z","level":"info","subsystem":"http","msg":"GET /api/schedule/today","status":304,"ms":71}
{"ts":"2026-10-04T19:16:27.323Z","level":"info","subsystem":"http","msg":"GET /api/agents","status":304,"ms":66}
{"ts":"2026-10-04T19:16:27.342Z","level":"info","subsystem":"http","msg":"GET /api/v1/tasks/00603c5a-5d98-4d09-b58f-a56780ef0af2","status":304,"ms":90}
{"ts":"2026-10-04T19:16:27.353Z","level":"info","subsystem":"http","msg":"GET /api/schedule/today","status":304,"ms":97}
{"ts":"2026-10-04T19:17:09.381Z","level":"info","subsystem":"http","msg":"GET /api/agents","status":304,"ms":120}
{"ts":"2026-10-04T19:17:09.569Z","level":"info","subsystem":"http","msg":"GET /api/schedule/today","status":304,"ms":313}
{"ts":"2026-10-04T19:17:20.290Z","level":"info","subsystem":"http","msg":"GET /api/agents","status":304,"ms":31}
{"ts":"2026-10-04T19:17:20.318Z","level":"info","subsystem":"http","msg":"GET /api/v1/tasks/00603c5a-5d98-4d09-b58f-a56780ef0af2","status":304,"ms":69}
{"ts":"2026-10-04T19:17:20.323Z","level":"info","subsystem":"http","msg":"GET /api/schedule/today","status":304,"ms":68}
{"ts":"2026-10-04T19:18:25.293Z","level":"info","subsystem":"http","msg":"GET /api/agents","status":304,"ms":34}
{"ts":"2026-10-04T19:18:25.317Z","level":"info","subsystem":"http","msg":"GET /api/v1/tasks/00603c5a-5d98-4d09-b58f-a56780ef0af2","status":304,"ms":64}
{"ts":"2026-10-04T19:18:25.322Z","level":"info","subsystem":"http","msg":"GET /api/schedule/today","status":304,"ms":64}
{"ts":"2026-10-04T19:19:08.377Z","level":"info","subsystem":"http","msg":"GET /api/agents","status":304,"ms":123}
{"ts":"2026-10-04T19:19:08.447Z","level":"info","subsystem":"http","msg":"GET /api/schedule/today","status":304,"ms":193}
{"ts":"2026-10-04T19:19:26.278Z","level":"info","subsystem":"http","msg":"GET /api/agents","status":304,"ms":28}
{"ts":"2026-10-04T19:19:26.302Z","level":"info","subsystem":"http","msg":"GET /api/schedule/today","status":304,"ms":53}
{"ts":"2026-10-04T19:19:26.303Z","level":"info","subsystem":"http","msg":"GET /api/v1/tasks/00603c5a-5d98-4d09-b58f-a56780ef0af2","status":304,"ms":58}
{"ts":"2026-10-04T19:20:09.293Z","level":"info","subsystem":"http","msg":"GET /api/agents","status":304,"ms":33}
{"ts":"2026-10-04T19:20:09.333Z","level":"info","subsystem":"http","msg":"GET /api/schedule/today","status":304,"ms":74}
{"ts":"2026-10-04T19:20:27.423Z","level":"info","subsystem":"http","msg":"GET /api/agents","status":304,"ms":167}
{"ts":"2026-10-04T19:20:27.445Z","level":"info","subsystem":"http","msg":"GET /api/v1/tasks/00603c5a-5d98-4d09-b58f-a56780ef0af2","status":304,"ms":194}
{"ts":"2026-10-04T19:20:27.454Z","level":"info","subsystem":"http","msg":"GET /api/schedule/today","status":304,"ms":199}
{"ts":"2026-10-04T19:21:10.295Z","level":"info","subsystem":"http","msg":"GET /api/agents","status":304,"ms":35}
{"ts":"2026-10-04T19:21:10.329Z","level":"info","subsystem":"http","msg":"GET /api/schedule/today","status":304,"ms":70}
{"ts":"2026-10-04T19:21:28.454Z","level":"info","subsystem":"http","msg":"GET /api/agents","status":304,"ms":201}
{"ts":"2026-10-04T19:21:28.554Z","level":"info","subsystem":"http","msg":"GET /api/schedule/today","status":304,"ms":302}
{"ts":"2026-10-04T19:21:28.555Z","level":"info","subsystem":"http","msg":"GET /api/v1/tasks/00603c5a-5d98-4d09-b58f-a56780ef0af2","status":304,"ms":307}
{"ts":"2026-10-04T19:22:11.288Z","level":"info","subsystem":"http","msg":"GET /api/agents","status":304,"ms":31}
{"ts":"2026-10-04T19:22:11.329Z","level":"info","subsystem":"http","msg":"GET /api/schedule/today","status":304,"ms":73}
{"ts":"2026-10-04T19:22:20.315Z","level":"info","subsystem":"http","msg":"GET /api/agents","status":304,"ms":53}
{"ts":"2026-10-04T19:22:20.317Z","level":"info","subsystem":"http","msg":"GET /api/v1/tasks/00603c5a-5d98-4d09-b58f-a56780ef0af2","status":304,"ms":71}
{"ts":"2026-10-04T19:22:20.329Z","level":"info","subsystem":"http","msg":"GET /api/schedule/today","status":304,"ms":70}
{"ts":"2026-10-04T19:23:20.314Z","level":"info","subsystem":"http","msg":"GET /api/agents","status":304,"ms":46}
{"ts":"2026-10-04T19:23:20.345Z","level":"info","subsystem":"http","msg":"GET /api/schedule/today","status":304,"ms":81}
{"ts":"2026-10-04T19:23:20.353Z","level":"info","subsystem":"http","msg":"GET /api/v1/tasks/00603c5a-5d98-4d09-b58f-a56780ef0af2","status":304,"ms":87}
{"ts":"2026-10-04T19:23:20.361Z","level":"info","subsystem":"http","msg":"GET /api/agents","status":304,"ms":36}
{"ts":"2026-10-04T19:23:20.441Z","level":"info","subsystem":"http","msg":"GET /api/schedule/today","status":304,"ms":87}
{"ts":"2026-10-04T19:24:20.294Z","level":"info","subsystem":"http","msg":"GET /api/agents","status":304,"ms":35}
{"ts":"2026-10-04T19:24:20.323Z","level":"info","subsystem":"http","msg":"GET /api/schedule/today","status":304,"ms":65}
{"ts":"2026-10-04T19:24:20.338Z","level":"info","subsystem":"http","msg":"GET /api/v1/tasks/00603c5a-5d98-4d09-b58f-a56780ef0af2","status":304,"ms":88}
{"ts":"2026-10-04T19:24:20.344Z","level":"info","subsystem":"http","msg":"GET /api/agents","status":304,"ms":42}
{"ts":"2026-10-04T19:24:20.394Z","level":"info","subsystem":"http","msg":"GET /api/schedule/today","status":304,"ms":65}
{"ts":"2026-10-04T19:25:20.306Z","level":"info","subsystem":"http","msg":"GET /api/agents","status":304,"ms":37}
{"ts":"2026-10-04T19:25:20.330Z","level":"info","subsystem":"http","msg":"GET /api/schedule/today","status":304,"ms":63}
{"ts":"2026-10-04T19:25:20.332Z","level":"info","subsystem":"http","msg":"GET /api/v1/tasks/00603c5a-5d98-4d09-b58f-a56780ef0af2","status":304,"ms":74}
{"ts":"2026-10-04T19:25:20.343Z","level":"info","subsystem":"http","msg":"GET /api/agents","status":304,"ms":31}
{"ts":"2026-10-04T19:25:20.401Z","level":"info","subsystem":"http","msg":"GET /api/schedule/today","status":304,"ms":64}
{"ts":"2026-10-04T19:26:20.320Z","level":"info","subsystem":"http","msg":"GET /api/agents","status":304,"ms":54}
{"ts":"2026-10-04T19:26:20.323Z","level":"info","subsystem":"http","msg":"GET /api/schedule/today","status":304,"ms":58}
{"ts":"2026-10-04T19:26:20.326Z","level":"info","subsystem":"http","msg":"GET /api/v1/tasks/00603c5a-5d98-4d09-b58f-a56780ef0af2","status":304,"ms":66}
{"ts":"2026-10-04T19:26:20.420Z","level":"info","subsystem":"http","msg":"GET /api/agents","status":304,"ms":90}
{"ts":"2026-10-04T19:26:20.446Z","level":"info","subsystem":"http","msg":"GET /api/schedule/today","status":304,"ms":114}
{"ts":"2026-10-04T19:27:20.629Z","level":"info","subsystem":"http","msg":"GET /api/agents","status":304,"ms":362}
{"ts":"2026-10-04T19:27:21.292Z","level":"info","subsystem":"http","msg":"GET /api/v1/tasks/00603c5a-5d98-4d09-b58f-a56780ef0af2","status":304,"ms":1036}
{"ts":"2026-10-04T19:27:21.355Z","level":"info","subsystem":"http","msg":"GET /api/schedule/today","status":304,"ms":1093}
{"ts":"2026-10-04T19:27:21.357Z","level":"info","subsystem":"http","msg":"GET /api/agents","status":304,"ms":722}
{"ts":"2026-10-04T19:27:21.502Z","level":"info","subsystem":"http","msg":"GET /api/schedule/today","status":304,"ms":140}
{"ts":"2026-10-04T19:28:20.313Z","level":"info","subsystem":"http","msg":"GET /api/agents","status":304,"ms":31}
{"ts":"2026-10-04T19:28:20.332Z","level":"info","subsystem":"http","msg":"GET /api/v1/tasks/00603c5a-5d98-4d09-b58f-a56780ef0af2","status":304,"ms":64}
{"ts":"2026-10-04T19:28:20.341Z","level":"info","subsystem":"http","msg":"GET /api/schedule/today","status":304,"ms":61}
{"ts":"2026-10-04T19:28:20.356Z","level":"info","subsystem":"http","msg":"GET /api/agents","status":304,"ms":33}
{"ts":"2026-10-04T19:28:20.412Z","level":"info","subsystem":"http","msg":"GET /api/schedule/today","status":304,"ms":65}
{"ts":"2026-10-04T19:29:20.304Z","level":"info","subsystem":"http","msg":"GET /api/agents","status":304,"ms":36}
{"ts":"2026-10-04T19:29:20.327Z","level":"info","subsystem":"http","msg":"GET /api/schedule/today","status":304,"ms":65}
{"ts":"2026-10-04T19:29:20.333Z","level":"info","subsystem":"http","msg":"GET /api/v1/tasks/00603c5a-5d98-4d09-b58f-a56780ef0af2","status":304,"ms":69}
{"ts":"2026-10-04T19:29:20.345Z","level":"info","subsystem":"http","msg":"GET /api/agents","status":304,"ms":33}
{"ts":"2026-10-04T19:29:20.394Z","level":"info","subsystem":"http","msg":"GET /api/schedule/today","status":304,"ms":58}
{"ts":"2026-10-04T19:30:20.284Z","level":"info","subsystem":"http","msg":"GET /api/agents","status":304,"ms":24}
{"ts":"2026-10-04T19:30:20.306Z","level":"info","subsystem":"http","msg":"GET /api/v1/tasks/00603c5a-5d98-4d09-b58f-a56780ef0af2","status":304,"ms":57}
{"ts":"2026-10-04T19:30:20.311Z","level":"info","subsystem":"http","msg":"GET /api/schedule/today","status":304,"ms":52}
{"ts":"2026-10-04T19:30:20.330Z","level":"info","subsystem":"http","msg":"GET /api/agents","status":304,"ms":38}
{"ts":"2026-10-04T19:30:20.427Z","level":"info","subsystem":"http","msg":"GET /api/schedule/today","status":304,"ms":106}
{"ts":"2026-10-04T19:31:20.401Z","level":"info","subsystem":"http","msg":"GET /api/v1/tasks/00603c5a-5d98-4d09-b58f-a56780ef0af2","status":304,"ms":145}
{"ts":"2026-10-04T19:31:20.404Z","level":"info","subsystem":"http","msg":"GET /api/agents","status":304,"ms":135}
{"ts":"2026-10-04T19:31:20.773Z","level":"info","subsystem":"http","msg":"GET /api/agents","status":304,"ms":364}
{"ts":"2026-10-04T19:31:20.776Z","level":"info","subsystem":"http","msg":"GET /api/schedule/today","status":304,"ms":508}
{"ts":"2026-10-04T19:31:20.827Z","level":"info","subsystem":"http","msg":"GET /api/schedule/today","status":304,"ms":46}
{"ts":"2026-10-04T19:32:20.302Z","level":"info","subsystem":"http","msg":"GET /api/agents","status":304,"ms":29}
{"ts":"2026-10-04T19:32:20.313Z","level":"info","subsystem":"http","msg":"GET /api/v1/tasks/00603c5a-5d98-4d09-b58f-a56780ef0af2","status":304,"ms":51}
{"ts":"2026-10-04T19:32:20.320Z","level":"info","subsystem":"http","msg":"GET /api/schedule/today","status":304,"ms":48}
{"ts":"2026-10-04T19:32:20.337Z","level":"info","subsystem":"http","msg":"GET /api/agents","status":304,"ms":28}
{"ts":"2026-10-04T19:32:20.378Z","level":"info","subsystem":"http","msg":"GET /api/schedule/today","status":304,"ms":51}
{"ts":"2026-10-04T19:33:20.296Z","level":"info","subsystem":"http","msg":"GET /api/agents","status":304,"ms":28}
{"ts":"2026-10-04T19:33:20.329Z","level":"info","subsystem":"http","msg":"GET /api/v1/tasks/00603c5a-5d98-4d09-b58f-a56780ef0af2","status":304,"ms":71}
{"ts":"2026-10-04T19:33:20.333Z","level":"info","subsystem":"http","msg":"GET /api/schedule/today","status":304,"ms":67}
{"ts":"2026-10-04T19:33:20.337Z","level":"info","subsystem":"http","msg":"GET /api/agents","status":304,"ms":34}
{"ts":"2026-10-04T19:33:20.395Z","level":"info","subsystem":"http","msg":"GET /api/schedule/today","status":304,"ms":53}
{"ts":"2026-10-04T19:34:20.445Z","level":"info","subsystem":"http","msg":"GET /api/agents","status":304,"ms":178}
{"ts":"2026-10-04T19:34:20.491Z","level":"info","subsystem":"http","msg":"GET /api/schedule/today","status":304,"ms":225}
{"ts":"2026-10-04T19:34:20.494Z","level":"info","subsystem":"http","msg":"GET /api/agents","status":304,"ms":43}
{"ts":"2026-10-04T19:34:20.544Z","level":"info","subsystem":"http","msg":"GET /api/v1/tasks/00603c5a-5d98-4d09-b58f-a56780ef0af2","status":304,"ms":268}
{"ts":"2026-10-04T19:34:20.585Z","level":"info","subsystem":"http","msg":"GET /api/schedule/today","status":304,"ms":87}
{"ts":"2026-10-04T19:35:20.307Z","level":"info","subsystem":"http","msg":"GET /api/agents","status":304,"ms":36}
{"ts":"2026-10-04T19:35:20.336Z","level":"info","subsystem":"http","msg":"GET /api/v1/tasks/00603c5a-5d98-4d09-b58f-a56780ef0af2","status":304,"ms":70}
{"ts":"2026-10-04T19:35:20.343Z","level":"info","subsystem":"http","msg":"GET /api/schedule/today","status":304,"ms":73}
{"ts":"2026-10-04T19:35:20.345Z","level":"info","subsystem":"http","msg":"GET /api/agents","status":304,"ms":28}
{"ts":"2026-10-04T19:35:20.423Z","level":"info","subsystem":"http","msg":"GET /api/schedule/today","status":304,"ms":70}
{"ts":"2026-10-04T19:35:24.816Z","level":"info","subsystem":"http","msg":"GET /api/v1/knowledge/query","status":200,"ms":191}
{"ts":"2026-10-04T19:35:24.989Z","level":"info","subsystem":"http","msg":"GET /api/v1/knowledge/query","status":200,"ms":166}
{"ts":"2026-10-04T19:35:25.129Z","level":"info","subsystem":"http","msg":"GET /api/v1/knowledge/query","status":200,"ms":138}
{"ts":"2026-10-04T19:35:25.213Z","level":"info","subsystem":"http","msg":"GET /api/v1/knowledge/query","status":200,"ms":82}
{"ts":"2026-10-04T19:35:25.242Z","level":"info","subsystem":"http","msg":"GET /api/v1/knowledge/query","status":200,"ms":28}
{"ts":"2026-10-04T19:35:25.279Z","level":"info","subsystem":"http","msg":"GET /api/v1/knowledge/query","status":200,"ms":35}
{"ts":"2026-10-04T19:35:25.338Z","level":"info","subsystem":"http","msg":"GET /api/v1/knowledge/query","status":200,"ms":57}
{"ts":"2026-10-04T19:35:25.394Z","level":"info","subsystem":"http","msg":"GET /api/v1/knowledge/query","status":200,"ms":55}
{"ts":"2026-10-04T19:35:25.449Z","level":"info","subsystem":"http","msg":"GET /api/v1/knowledge/query","status":200,"ms":54}
{"ts":"2026-10-04T19:35:25.530Z","level":"info","subsystem":"http","msg":"GET /api/v1/knowledge/query","status":200,"ms":79}
{"ts":"2026-10-04T19:35:25.560Z","level":"info","subsystem":"http","msg":"GET /api/v1/knowledge/query","status":200,"ms":29}
{"ts":"2026-10-04T19:35:25.588Z","level":"info","subsystem":"http","msg":"GET /api/v1/knowledge/query","status":200,"ms":27}
{"ts":"2026-10-04T19:35:25.617Z","level":"info","subsystem":"http","msg":"GET /api/v1/knowledge/query","status":200,"ms":28}
{"ts":"2026-10-04T19:35:25.685Z","level":"info","subsystem":"http","msg":"GET /api/v1/knowledge/query","status":200,"ms":67}
{"ts":"2026-10-04T19:35:25.715Z","level":"info","subsystem":"http","msg":"GET /api/v1/knowledge/query","status":200,"ms":28}
{"ts":"2026-10-04T19:35:25.771Z","level":"info","subsystem":"http","msg":"GET /api/v1/knowledge/query","status":200,"ms":54}
{"ts":"2026-10-04T19:35:25.842Z","level":"info","subsystem":"http","msg":"GET /api/v1/knowledge/query","status":200,"ms":67}
{"ts":"2026-10-04T19:35:25.915Z","level":"info","subsystem":"http","msg":"GET /api/v1/knowledge/query","status":200,"ms":71}
{"ts":"2026-10-04T19:35:25.974Z","level":"info","subsystem":"http","msg":"GET /api/v1/knowledge/query","status":200,"ms":57}
{"ts":"2026-10-04T19:35:26.000Z","level":"info","subsystem":"http","msg":"GET /api/v1/knowledge/query","status":200,"ms":25}
{"ts":"2026-10-04T19:35:26.031Z","level":"info","subsystem":"http","msg":"GET /api/v1/knowledge/query","status":200,"ms":29}
{"ts":"2026-10-04T19:35:26.062Z","level":"info","subsystem":"http","msg":"GET /api/v1/knowledge/query","status":200,"ms":31}
{"ts":"2026-10-04T19:35:26.119Z","level":"info","subsystem":"http","msg":"GET /api/v1/knowledge/query","status":200,"ms":56}
{"ts":"2026-10-04T19:35:26.146Z","level":"info","subsystem":"http","msg":"GET /api/v1/knowledge/query","status":200,"ms":25}
{"ts":"2026-10-04T19:35:26.175Z","level":"info","subsystem":"http","msg":"GET /api/v1/knowledge/query","status":200,"ms":28}
{"ts":"2026-10-04T19:35:26.229Z","level":"info","subsystem":"http","msg":"GET /api/v1/knowledge/query","status":200,"ms":53}
{"ts":"2026-10-04T19:35:26.257Z","level":"info","subsystem":"http","msg":"GET /api/v1/knowledge/query","status":200,"ms":27}
{"ts":"2026-10-04T19:35:26.299Z","level":"info","subsystem":"http","msg":"GET /api/v1/knowledge/query","status":200,"ms":41}
{"ts":"2026-10-04T19:35:26.355Z","level":"info","subsystem":"http","msg":"GET /api/v1/knowledge/query","status":200,"ms":55}
{"ts":"2026-10-04T19:35:26.410Z","level":"info","subsystem":"http","msg":"GET /api/v1/knowledge/query","status":200,"ms":54}
{"ts":"2026-10-04T19:36:20.299Z","level":"info","subsystem":"http","msg":"GET /api/agents","status":304,"ms":29}
{"ts":"2026-10-04T19:36:20.321Z","level":"info","subsystem":"http","msg":"GET /api/v1/tasks/00603c5a-5d98-4d09-b58f-a56780ef0af2","status":304,"ms":60}
{"ts":"2026-10-04T19:36:20.324Z","level":"info","subsystem":"http","msg":"GET /api/schedule/today","status":304,"ms":56}
{"ts":"2026-10-04T19:36:20.333Z","level":"info","subsystem":"http","msg":"GET /api/agents","status":304,"ms":26}
{"ts":"2026-10-04T19:36:20.381Z","level":"info","subsystem":"http","msg":"GET /api/schedule/today","status":304,"ms":49}
{"ts":"2026-10-04T19:37:20.292Z","level":"info","subsystem":"http","msg":"GET /api/agents","status":304,"ms":32}
{"ts":"2026-10-04T19:37:20.322Z","level":"info","subsystem":"http","msg":"GET /api/v1/tasks/00603c5a-5d98-4d09-b58f-a56780ef0af2","status":304,"ms":69}
{"ts":"2026-10-04T19:37:20.324Z","level":"info","subsystem":"http","msg":"GET /api/schedule/today","status":304,"ms":69}
{"ts":"2026-10-04T19:37:20.329Z","level":"info","subsystem":"http","msg":"GET /api/agents","status":304,"ms":30}
{"ts":"2026-10-04T19:37:20.395Z","level":"info","subsystem":"http","msg":"GET /api/schedule/today","status":304,"ms":64}
{"ts":"2026-10-04T19:38:20.310Z","level":"info","subsystem":"http","msg":"GET /api/agents","status":304,"ms":44}
{"ts":"2026-10-04T19:38:20.342Z","level":"info","subsystem":"http","msg":"GET /api/schedule/today","status":304,"ms":78}
{"ts":"2026-10-04T19:38:20.343Z","level":"info","subsystem":"http","msg":"GET /api/v1/tasks/00603c5a-5d98-4d09-b58f-a56780ef0af2","status":304,"ms":72}
{"ts":"2026-10-04T19:38:20.352Z","level":"info","subsystem":"http","msg":"GET /api/agents","status":304,"ms":35}
{"ts":"2026-10-04T19:38:20.420Z","level":"info","subsystem":"http","msg":"GET /api/schedule/today","status":304,"ms":70}
{"ts":"2026-10-04T19:39:20.293Z","level":"info","subsystem":"http","msg":"GET /api/agents","status":304,"ms":30}
{"ts":"2026-10-04T19:39:20.317Z","level":"info","subsystem":"http","msg":"GET /api/v1/tasks/00603c5a-5d98-4d09-b58f-a56780ef0af2","status":304,"ms":59}
{"ts":"2026-10-04T19:39:20.330Z","level":"info","subsystem":"http","msg":"GET /api/schedule/today","status":304,"ms":69}
{"ts":"2026-10-04T19:39:20.333Z","level":"info","subsystem":"http","msg":"GET /api/agents","status":304,"ms":29}
{"ts":"2026-10-04T19:39:20.392Z","level":"info","subsystem":"http","msg":"GET /api/schedule/today","status":304,"ms":53}
{"ts":"2026-10-04T19:40:20.342Z","level":"info","subsystem":"http","msg":"GET /api/schedule/today","status":304,"ms":78}
{"ts":"2026-10-04T19:40:20.344Z","level":"info","subsystem":"http","msg":"GET /api/agents","status":304,"ms":77}
{"ts":"2026-10-04T19:40:20.358Z","level":"info","subsystem":"http","msg":"GET /api/v1/tasks/00603c5a-5d98-4d09-b58f-a56780ef0af2","status":304,"ms":107}
{"ts":"2026-10-04T19:40:20.383Z","level":"info","subsystem":"http","msg":"GET /api/agents","status":304,"ms":30}
{"ts":"2026-10-04T19:40:20.420Z","level":"info","subsystem":"http","msg":"GET /api/schedule/today","status":304,"ms":70}
{"ts":"2026-10-04T19:41:20.295Z","level":"info","subsystem":"http","msg":"GET /api/agents","status":304,"ms":29}
{"ts":"2026-10-04T19:41:20.327Z","level":"info","subsystem":"http","msg":"GET /api/v1/tasks/00603c5a-5d98-4d09-b58f-a56780ef0af2","status":304,"ms":71}
{"ts":"2026-10-04T19:41:20.332Z","level":"info","subsystem":"http","msg":"GET /api/agents","status":304,"ms":27}
{"ts":"2026-10-04T19:41:20.358Z","level":"info","subsystem":"http","msg":"GET /api/schedule/today","status":304,"ms":94}
{"ts":"2026-10-04T19:41:20.806Z","level":"info","subsystem":"http","msg":"GET /api/schedule/today","status":304,"ms":443}
{"ts":"2026-10-04T19:42:20.320Z","level":"info","subsystem":"http","msg":"GET /api/agents","status":304,"ms":59}
{"ts":"2026-10-04T19:42:20.343Z","level":"info","subsystem":"http","msg":"GET /api/v1/tasks/00603c5a-5d98-4d09-b58f-a56780ef0af2","status":304,"ms":89}
{"ts":"2026-10-04T19:42:20.352Z","level":"info","subsystem":"http","msg":"GET /api/schedule/today","status":304,"ms":92}
{"ts":"2026-10-04T19:42:20.355Z","level":"info","subsystem":"http","msg":"GET /api/agents","status":304,"ms":28}
{"ts":"2026-10-04T19:42:20.413Z","level":"info","subsystem":"http","msg":"GET /api/schedule/today","status":304,"ms":54}
{"ts":"2026-10-04T19:43:20.312Z","level":"info","subsystem":"http","msg":"GET /api/agents","status":304,"ms":42}
{"ts":"2026-10-04T19:43:20.343Z","level":"info","subsystem":"http","msg":"GET /api/schedule/today","status":304,"ms":75}
{"ts":"2026-10-04T19:43:20.349Z","level":"info","subsystem":"http","msg":"GET /api/v1/tasks/00603c5a-5d98-4d09-b58f-a56780ef0af2","status":304,"ms":89}
{"ts":"2026-10-04T19:43:20.353Z","level":"info","subsystem":"http","msg":"GET /api/agents","status":304,"ms":34}
{"ts":"2026-10-04T19:43:20.414Z","level":"info","subsystem":"http","msg":"GET /api/schedule/today","status":304,"ms":59}
{"ts":"2026-10-04T19:44:20.330Z","level":"info","subsystem":"http","msg":"GET /api/agents","status":304,"ms":45}
{"ts":"2026-10-04T19:44:20.337Z","level":"info","subsystem":"http","msg":"GET /api/v1/tasks/00603c5a-5d98-4d09-b58f-a56780ef0af2","status":304,"ms":62}
{"ts":"2026-10-04T19:44:20.344Z","level":"info","subsystem":"http","msg":"GET /api/schedule/today","status":304,"ms":65}
{"ts":"2026-10-04T19:44:20.374Z","level":"info","subsystem":"http","msg":"GET /api/agents","status":304,"ms":35}
{"ts":"2026-10-04T19:44:20.417Z","level":"info","subsystem":"http","msg":"GET /api/schedule/today","status":304,"ms":66}
{"ts":"2026-10-04T19:45:20.435Z","level":"info","subsystem":"http","msg":"GET /api/agents","status":304,"ms":165}
{"ts":"2026-10-04T19:45:20.474Z","level":"info","subsystem":"http","msg":"GET /api/agents","status":304,"ms":34}
{"ts":"2026-10-04T19:45:20.482Z","level":"info","subsystem":"http","msg":"GET /api/v1/tasks/00603c5a-5d98-4d09-b58f-a56780ef0af2","status":304,"ms":223}
{"ts":"2026-10-04T19:45:20.488Z","level":"info","subsystem":"http","msg":"GET /api/schedule/today","status":304,"ms":219}
{"ts":"2026-10-04T19:45:20.554Z","level":"info","subsystem":"http","msg":"GET /api/schedule/today","status":304,"ms":60}
{"ts":"2026-10-04T19:46:20.310Z","level":"info","subsystem":"http","msg":"GET /api/agents","status":304,"ms":42}
{"ts":"2026-10-04T19:46:20.330Z","level":"info","subsystem":"http","msg":"GET /api/v1/tasks/00603c5a-5d98-4d09-b58f-a56780ef0af2","status":304,"ms":74}
{"ts":"2026-10-04T19:46:20.332Z","level":"info","subsystem":"http","msg":"GET /api/schedule/today","status":304,"ms":66}
{"ts":"2026-10-04T19:46:20.363Z","level":"info","subsystem":"http","msg":"GET /api/agents","status":304,"ms":45}
{"ts":"2026-10-04T19:46:20.408Z","level":"info","subsystem":"http","msg":"GET /api/schedule/today","status":304,"ms":69}
